// Jest Snapshot v1, https://goo.gl/fbAQLP

exports[`CardList matches the snapshot 1`] = `
<div
  className="cardListContainer"
>
  <Card
    avatar_url="url/here/img.jpg"
    company="@instructure"
    html_url="https://github.com/thawkin3"
    id={1}
    key="1"
    name="Tyler Hawkins"
  />
  <Card
    avatar_url="url/here/img3.jpg"
    company="@fakecompany"
    html_url="https://github.com/testPerson"
    id={2}
    key="2"
    name="Test Person"
  />
</div>
`;
